#-----------------------------------------------------------
# Vivado v2025.1 (64-bit)
# SW Build 6140274 on Thu May 22 00:12:29 MDT 2025
# IP Build 6138677 on Thu May 22 03:10:11 MDT 2025
# SharedData Build 6139179 on Tue May 20 17:58:58 MDT 2025
# Start of session at: Sun Jul 20 22:18:49 2025
# Process ID         : 11808
# Current directory  : C:/Users/DK2012TX/verilogprojs/mux4to1udectristatebuf/mux4to1udectristatebuf.runs/synth_1
# Command line       : vivado.exe -log mux4to1.vds -product Vivado -mode batch -messageDb vivado.pb -notrace -source mux4to1.tcl
# Log file           : C:/Users/DK2012TX/verilogprojs/mux4to1udectristatebuf/mux4to1udectristatebuf.runs/synth_1/mux4to1.vds
# Journal file       : C:/Users/DK2012TX/verilogprojs/mux4to1udectristatebuf/mux4to1udectristatebuf.runs/synth_1\vivado.jou
# Running On         : LAPTOP-SVPS8DQD
# Platform           : Windows Server 2016 or Windows 10
# Operating System   : 26100
# Processor Detail   : 11th Gen Intel(R) Core(TM) i5-11300H @ 3.10GHz
# CPU Frequency      : 3110 MHz
# CPU Physical cores : 4
# CPU Logical cores  : 8
# Host memory        : 25503 MB
# Swap memory        : 4026 MB
# Total Virtual      : 29529 MB
# Available Virtual  : 8860 MB
#-----------------------------------------------------------
source mux4to1.tcl -notrace
